[==========] Running 22 tests from 1 test suite.
[----------] Global test environment set-up.
[----------] 22 tests from SyntaxCheckerTest
[ RUN      ] SyntaxCheckerTest.NoErrorForSimpleStruct
Parser::parse()
declaration() 寮€濮嬭В鏋愶紝褰撳墠token: struct, 绫诲瀷: 7
structDeclaration() 寮€濮嬭В鏋愶紝褰撳墠token: Person, 绫诲瀷: 1
parseType() 寮€濮嬭В鏋愶紝褰撳墠token: string, 绫诲瀷: 17
containerType() 寮€濮嬭В鏋愶紝褰撳墠token: string, 绫诲瀷: 17
primaryType() 寮€濮嬭В鏋愶紝褰撳墠token: string, 绫诲瀷: 17
primaryType() check(Identifier) 缁撴灉: false
primaryType() 灏濊瘯瑙ｆ瀽鍩烘湰绫诲瀷锛宼oken: string, 绫诲瀷: 17
primaryType() 鎴愬姛瑙ｆ瀽鍩烘湰绫诲瀷: string
parseType() 寮€濮嬭В鏋愶紝褰撳墠token: int32, 绫诲瀷: 13
containerType() 寮€濮嬭В鏋愶紝褰撳墠token: int32, 绫诲瀷: 13
primaryType() 寮€濮嬭В鏋愶紝褰撳墠token: int32, 绫诲瀷: 13
primaryType() check(Identifier) 缁撴灉: false
primaryType() 灏濊瘯瑙ｆ瀽鍩烘湰绫诲瀷锛宼oken: int32, 绫诲瀷: 13
primaryType() 鎴愬姛瑙ｆ瀽鍩烘湰绫诲瀷: int32
澹版槑瑙ｆ瀽鎴愬姛锛屾坊鍔犲埌鏂囨。: token绫诲瀷 = 0, 鏄惁缁撴潫 = true
[       OK ] SyntaxCheckerTest.NoErrorForSimpleStruct (0 ms)
[ RUN      ] SyntaxCheckerTest.FieldTypeNotExist
Parser::parse()
declaration() 寮€濮嬭В鏋愶紝褰撳墠token: struct, 绫诲瀷: 7
structDeclaration() 寮€濮嬭В鏋愶紝褰撳墠token: S, 绫诲瀷: 1
parseType() 寮€濮嬭В鏋愶紝褰撳墠token: NotExistType, 绫诲瀷: 1
containerType() 寮€濮嬭В鏋愶紝褰撳墠token: NotExistType, 绫诲瀷: 1
primaryType() 寮€濮嬭В鏋愶紝褰撳墠token: NotExistType, 绫诲瀷: 1
primaryType() check(Identifier) 缁撴灉: true
primaryType() 鎴愬姛瑙ｆ瀽identifier绫诲瀷: NotExistType
澹版槑瑙ｆ瀽鎴愬姛锛屾坊鍔犲埌鏂囨。: token绫诲瀷 = 0, 鏄惁缁撴潫 = true
[       OK ] SyntaxCheckerTest.FieldTypeNotExist (0 ms)
[ RUN      ] SyntaxCheckerTest.AnnotationNotExist
Parser::parse()
declaration() 寮€濮嬭В鏋愶紝褰撳墠token: @, 绫诲瀷: 36
declaration() 寮€濮嬭В鏋愭敞瑙?
annotation() 寮€濮嬭В鏋愶紝褰撳墠token: @, 绫诲瀷: 36
annotation() 娑堣€椾簡 @ 绗﹀彿
annotation() 瑙ｆ瀽鍒版敞瑙ｅ悕绉扮殑绗竴閮ㄥ垎: NotExist
declaration() 瑙ｆ瀽鍒版敞瑙? NotExist
structDeclaration() 寮€濮嬭В鏋愶紝褰撳墠token: S, 绫诲瀷: 1
parseType() 寮€濮嬭В鏋愶紝褰撳墠token: int32, 绫诲瀷: 13
containerType() 寮€濮嬭В鏋愶紝褰撳墠token: int32, 绫诲瀷: 13
primaryType() 寮€濮嬭В鏋愶紝褰撳墠token: int32, 绫诲瀷: 13
primaryType() check(Identifier) 缁撴灉: false
primaryType() 灏濊瘯瑙ｆ瀽鍩烘湰绫诲瀷锛宼oken: int32, 绫诲瀷: 13
primaryType() 鎴愬姛瑙ｆ瀽鍩烘湰绫诲瀷: int32
澹版槑瑙ｆ瀽鎴愬姛锛屾坊鍔犲埌鏂囨。: token绫诲瀷 = 0, 鏄惁缁撴潫 = true
[       OK ] SyntaxCheckerTest.AnnotationNotExist (0 ms)
[ RUN      ] SyntaxCheckerTest.BlockInheritNotExist
Parser::parse()
declaration() 寮€濮嬭В鏋愶紝褰撳墠token: block, 绫诲瀷: 9
blockDeclaration() 寮€濮嬭В鏋愶紝褰撳墠token: B, 绫诲瀷: 1
parseType() 寮€濮嬭В鏋愶紝褰撳墠token: int32, 绫诲瀷: 13
containerType() 寮€濮嬭В鏋愶紝褰撳墠token: int32, 绫诲瀷: 13
primaryType() 寮€濮嬭В鏋愶紝褰撳墠token: int32, 绫诲瀷: 13
primaryType() check(Identifier) 缁撴灉: false
primaryType() 灏濊瘯瑙ｆ瀽鍩烘湰绫诲瀷锛宼oken: int32, 绫诲瀷: 13
primaryType() 鎴愬姛瑙ｆ瀽鍩烘湰绫诲瀷: int32
澹版槑瑙ｆ瀽鎴愬姛锛屾坊鍔犲埌鏂囨。: token绫诲瀷 = 0, 鏄惁缁撴潫 = true
[       OK ] SyntaxCheckerTest.BlockInheritNotExist (0 ms)
[ RUN      ] SyntaxCheckerTest.StructInheritIllegalType
Parser::parse()
declaration() 寮€濮嬭В鏋愶紝褰撳墠token: enum, 绫诲瀷: 8
enumDeclaration() 寮€濮嬭В鏋愶紝褰撳墠token: E, 绫诲瀷: 1
enumValueDeclaration() 寮€濮嬭В鏋愶紝褰撳墠token: A, 绫诲瀷: 1
expression() 寮€濮嬭В鏋愶紝褰撳墠token: 0, 绫诲瀷: 2
assignment() 寮€濮嬭В鏋愶紝褰撳墠token: 0, 绫诲瀷: 2
logicalOr() 寮€濮嬭В鏋愶紝褰撳墠token: 0, 绫诲瀷: 2
logicalAnd() 寮€濮嬭В鏋愶紝褰撳墠token: 0, 绫诲瀷: 2
equality() 寮€濮嬭В鏋愶紝褰撳墠token: 0, 绫诲瀷: 2
comparison() 妫€鏌ユ瘮杈冩搷浣滅锛屽綋鍓峵oken: 0, 绫诲瀷: 2
term() 寮€濮嬭В鏋愶紝褰撳墠token: 0, 绫诲瀷: 2
factor() 寮€濮嬭В鏋愶紝褰撳墠token: 0, 绫诲瀷: 2
unary() 寮€濮嬭В鏋愶紝褰撳墠token: 0, 绫诲瀷: 2
primary() 寮€濮嬭В鏋愶紝褰撳墠token: 0, 绫诲瀷: 2
澹版槑瑙ｆ瀽鎴愬姛锛屾坊鍔犲埌鏂囨。: token绫诲瀷 = 7, 鏄惁缁撴潫 = false
declaration() 寮€濮嬭В鏋愶紝褰撳墠token: struct, 绫诲瀷: 7
structDeclaration() 寮€濮嬭В鏋愶紝褰撳墠token: S, 绫诲瀷: 1
parseType() 寮€濮嬭В鏋愶紝褰撳墠token: int32, 绫诲瀷: 13
containerType() 寮€濮嬭В鏋愶紝褰撳墠token: int32, 绫诲瀷: 13
primaryType() 寮€濮嬭В鏋愶紝褰撳墠token: int32, 绫诲瀷: 13
primaryType() check(Identifier) 缁撴灉: false
primaryType() 灏濊瘯瑙ｆ瀽鍩烘湰绫诲瀷锛宼oken: int32, 绫诲瀷: 13
primaryType() 鎴愬姛瑙ｆ瀽鍩烘湰绫诲瀷: int32
澹版槑瑙ｆ瀽鎴愬姛锛屾坊鍔犲埌鏂囨。: token绫诲瀷 = 0, 鏄惁缁撴潫 = true
[       OK ] SyntaxCheckerTest.StructInheritIllegalType (0 ms)
[ RUN      ] SyntaxCheckerTest.DuplicateDefinition
Parser::parse()
declaration() 寮€濮嬭В鏋愶紝褰撳墠token: struct, 绫诲瀷: 7
structDeclaration() 寮€濮嬭В鏋愶紝褰撳墠token: S, 绫诲瀷: 1
parseType() 寮€濮嬭В鏋愶紝褰撳墠token: int32, 绫诲瀷: 13
containerType() 寮€濮嬭В鏋愶紝褰撳墠token: int32, 绫诲瀷: 13
primaryType() 寮€濮嬭В鏋愶紝褰撳墠token: int32, 绫诲瀷: 13
primaryType() check(Identifier) 缁撴灉: false
primaryType() 灏濊瘯瑙ｆ瀽鍩烘湰绫诲瀷锛宼oken: int32, 绫诲瀷: 13
primaryType() 鎴愬姛瑙ｆ瀽鍩烘湰绫诲瀷: int32
澹版槑瑙ｆ瀽鎴愬姛锛屾坊鍔犲埌鏂囨。: token绫诲瀷 = 7, 鏄惁缁撴潫 = false
declaration() 寮€濮嬭В鏋愶紝褰撳墠token: struct, 绫诲瀷: 7
structDeclaration() 寮€濮嬭В鏋愶紝褰撳墠token: S, 绫诲瀷: 1
parseType() 寮€濮嬭В鏋愶紝褰撳墠token: int32, 绫诲瀷: 13
containerType() 寮€濮嬭В鏋愶紝褰撳墠token: int32, 绫诲瀷: 13
primaryType() 寮€濮嬭В鏋愶紝褰撳墠token: int32, 绫诲瀷: 13
primaryType() check(Identifier) 缁撴灉: false
primaryType() 灏濊瘯瑙ｆ瀽鍩烘湰绫诲瀷锛宼oken: int32, 绫诲瀷: 13
primaryType() 鎴愬姛瑙ｆ瀽鍩烘湰绫诲瀷: int32
澹版槑瑙ｆ瀽鎴愬姛锛屾坊鍔犲埌鏂囨。: token绫诲瀷 = 0, 鏄惁缁撴潫 = true
[       OK ] SyntaxCheckerTest.DuplicateDefinition (0 ms)
[ RUN      ] SyntaxCheckerTest.NameConflict
Parser::parse()
declaration() 寮€濮嬭В鏋愶紝褰撳墠token: struct, 绫诲瀷: 7
structDeclaration() 寮€濮嬭В鏋愶紝褰撳墠token: S, 绫诲瀷: 1
parseType() 寮€濮嬭В鏋愶紝褰撳墠token: int32, 绫诲瀷: 13
containerType() 寮€濮嬭В鏋愶紝褰撳墠token: int32, 绫诲瀷: 13
primaryType() 寮€濮嬭В鏋愶紝褰撳墠token: int32, 绫诲瀷: 13
primaryType() check(Identifier) 缁撴灉: false
primaryType() 灏濊瘯瑙ｆ瀽鍩烘湰绫诲瀷锛宼oken: int32, 绫诲瀷: 13
primaryType() 鎴愬姛瑙ｆ瀽鍩烘湰绫诲瀷: int32
澹版槑瑙ｆ瀽鎴愬姛锛屾坊鍔犲埌鏂囨。: token绫诲瀷 = 8, 鏄惁缁撴潫 = false
declaration() 寮€濮嬭В鏋愶紝褰撳墠token: enum, 绫诲瀷: 8
enumDeclaration() 寮€濮嬭В鏋愶紝褰撳墠token: S, 绫诲瀷: 1
enumValueDeclaration() 寮€濮嬭В鏋愶紝褰撳墠token: A, 绫诲瀷: 1
expression() 寮€濮嬭В鏋愶紝褰撳墠token: 0, 绫诲瀷: 2
assignment() 寮€濮嬭В鏋愶紝褰撳墠token: 0, 绫诲瀷: 2
logicalOr() 寮€濮嬭В鏋愶紝褰撳墠token: 0, 绫诲瀷: 2
logicalAnd() 寮€濮嬭В鏋愶紝褰撳墠token: 0, 绫诲瀷: 2
equality() 寮€濮嬭В鏋愶紝褰撳墠token: 0, 绫诲瀷: 2
comparison() 妫€鏌ユ瘮杈冩搷浣滅锛屽綋鍓峵oken: 0, 绫诲瀷: 2
term() 寮€濮嬭В鏋愶紝褰撳墠token: 0, 绫诲瀷: 2
factor() 寮€濮嬭В鏋愶紝褰撳墠token: 0, 绫诲瀷: 2
unary() 寮€濮嬭В鏋愶紝褰撳墠token: 0, 绫诲瀷: 2
primary() 寮€濮嬭В鏋愶紝褰撳墠token: 0, 绫诲瀷: 2
澹版槑瑙ｆ瀽鎴愬姛锛屾坊鍔犲埌鏂囨。: token绫诲瀷 = 0, 鏄惁缁撴潫 = true
[       OK ] SyntaxCheckerTest.NameConflict (0 ms)
[ RUN      ] SyntaxCheckerTest.CircularInheritance
Parser::parse()
declaration() 寮€濮嬭В鏋愶紝褰撳墠token: block, 绫诲瀷: 9
blockDeclaration() 寮€濮嬭В鏋愶紝褰撳墠token: A, 绫诲瀷: 1
parseType() 寮€濮嬭В鏋愶紝褰撳墠token: int32, 绫诲瀷: 13
containerType() 寮€濮嬭В鏋愶紝褰撳墠token: int32, 绫诲瀷: 13
primaryType() 寮€濮嬭В鏋愶紝褰撳墠token: int32, 绫诲瀷: 13
primaryType() check(Identifier) 缁撴灉: false
primaryType() 灏濊瘯瑙ｆ瀽鍩烘湰绫诲瀷锛宼oken: int32, 绫诲瀷: 13
primaryType() 鎴愬姛瑙ｆ瀽鍩烘湰绫诲瀷: int32
澹版槑瑙ｆ瀽鎴愬姛锛屾坊鍔犲埌鏂囨。: token绫诲瀷 = 9, 鏄惁缁撴潫 = false
declaration() 寮€濮嬭В鏋愶紝褰撳墠token: block, 绫诲瀷: 9
blockDeclaration() 寮€濮嬭В鏋愶紝褰撳墠token: B, 绫诲瀷: 1
parseType() 寮€濮嬭В鏋愶紝褰撳墠token: int32, 绫诲瀷: 13
containerType() 寮€濮嬭В鏋愶紝褰撳墠token: int32, 绫诲瀷: 13
primaryType() 寮€濮嬭В鏋愶紝褰撳墠token: int32, 绫诲瀷: 13
primaryType() check(Identifier) 缁撴灉: false
primaryType() 灏濊瘯瑙ｆ瀽鍩烘湰绫诲瀷锛宼oken: int32, 绫诲瀷: 13
primaryType() 鎴愬姛瑙ｆ瀽鍩烘湰绫诲瀷: int32
澹版槑瑙ｆ瀽鎴愬姛锛屾坊鍔犲埌鏂囨。: token绫诲瀷 = 0, 鏄惁缁撴潫 = true
[       OK ] SyntaxCheckerTest.CircularInheritance (0 ms)
[ RUN      ] SyntaxCheckerTest.DuplicateEnumValue
Parser::parse()
declaration() 寮€濮嬭В鏋愶紝褰撳墠token: enum, 绫诲瀷: 8
enumDeclaration() 寮€濮嬭В鏋愶紝褰撳墠token: E, 绫诲瀷: 1
enumValueDeclaration() 寮€濮嬭В鏋愶紝褰撳墠token: A, 绫诲瀷: 1
expression() 寮€濮嬭В鏋愶紝褰撳墠token: 0, 绫诲瀷: 2
assignment() 寮€濮嬭В鏋愶紝褰撳墠token: 0, 绫诲瀷: 2
logicalOr() 寮€濮嬭В鏋愶紝褰撳墠token: 0, 绫诲瀷: 2
logicalAnd() 寮€濮嬭В鏋愶紝褰撳墠token: 0, 绫诲瀷: 2
equality() 寮€濮嬭В鏋愶紝褰撳墠token: 0, 绫诲瀷: 2
comparison() 妫€鏌ユ瘮杈冩搷浣滅锛屽綋鍓峵oken: 0, 绫诲瀷: 2
term() 寮€濮嬭В鏋愶紝褰撳墠token: 0, 绫诲瀷: 2
factor() 寮€濮嬭В鏋愶紝褰撳墠token: 0, 绫诲瀷: 2
unary() 寮€濮嬭В鏋愶紝褰撳墠token: 0, 绫诲瀷: 2
primary() 寮€濮嬭В鏋愶紝褰撳墠token: 0, 绫诲瀷: 2
enumValueDeclaration() 寮€濮嬭В鏋愶紝褰撳墠token: B, 绫诲瀷: 1
expression() 寮€濮嬭В鏋愶紝褰撳墠token: 1, 绫诲瀷: 2
assignment() 寮€濮嬭В鏋愶紝褰撳墠token: 1, 绫诲瀷: 2
logicalOr() 寮€濮嬭В鏋愶紝褰撳墠token: 1, 绫诲瀷: 2
logicalAnd() 寮€濮嬭В鏋愶紝褰撳墠token: 1, 绫诲瀷: 2
equality() 寮€濮嬭В鏋愶紝褰撳墠token: 1, 绫诲瀷: 2
comparison() 妫€鏌ユ瘮杈冩搷浣滅锛屽綋鍓峵oken: 1, 绫诲瀷: 2
term() 寮€濮嬭В鏋愶紝褰撳墠token: 1, 绫诲瀷: 2
factor() 寮€濮嬭В鏋愶紝褰撳墠token: 1, 绫诲瀷: 2
unary() 寮€濮嬭В鏋愶紝褰撳墠token: 1, 绫诲瀷: 2
primary() 寮€濮嬭В鏋愶紝褰撳墠token: 1, 绫诲瀷: 2
enumValueDeclaration() 寮€濮嬭В鏋愶紝褰撳墠token: A, 绫诲瀷: 1
expression() 寮€濮嬭В鏋愶紝褰撳墠token: 2, 绫诲瀷: 2
assignment() 寮€濮嬭В鏋愶紝褰撳墠token: 2, 绫诲瀷: 2
logicalOr() 寮€濮嬭В鏋愶紝褰撳墠token: 2, 绫诲瀷: 2
logicalAnd() 寮€濮嬭В鏋愶紝褰撳墠token: 2, 绫诲瀷: 2
equality() 寮€濮嬭В鏋愶紝褰撳墠token: 2, 绫诲瀷: 2
comparison() 妫€鏌ユ瘮杈冩搷浣滅锛屽綋鍓峵oken: 2, 绫诲瀷: 2
term() 寮€濮嬭В鏋愶紝褰撳墠token: 2, 绫诲瀷: 2
factor() 寮€濮嬭В鏋愶紝褰撳墠token: 2, 绫诲瀷: 2
unary() 寮€濮嬭В鏋愶紝褰撳墠token: 2, 绫诲瀷: 2
primary() 寮€濮嬭В鏋愶紝褰撳墠token: 2, 绫诲瀷: 2
澹版槑瑙ｆ瀽鎴愬姛锛屾坊鍔犲埌鏂囨。: token绫诲瀷 = 0, 鏄惁缁撴潫 = true
[       OK ] SyntaxCheckerTest.DuplicateEnumValue (0 ms)
[ RUN      ] SyntaxCheckerTest.DuplicateFieldName
Parser::parse()
declaration() 寮€濮嬭В鏋愶紝褰撳墠token: struct, 绫诲瀷: 7
structDeclaration() 寮€濮嬭В鏋愶紝褰撳墠token: S, 绫诲瀷: 1
parseType() 寮€濮嬭В鏋愶紝褰撳墠token: int32, 绫诲瀷: 13
containerType() 寮€濮嬭В鏋愶紝褰撳墠token: int32, 绫诲瀷: 13
primaryType() 寮€濮嬭В鏋愶紝褰撳墠token: int32, 绫诲瀷: 13
primaryType() check(Identifier) 缁撴灉: false
primaryType() 灏濊瘯瑙ｆ瀽鍩烘湰绫诲瀷锛宼oken: int32, 绫诲瀷: 13
primaryType() 鎴愬姛瑙ｆ瀽鍩烘湰绫诲瀷: int32
parseType() 寮€濮嬭В鏋愶紝褰撳墠token: string, 绫诲瀷: 17
containerType() 寮€濮嬭В鏋愶紝褰撳墠token: string, 绫诲瀷: 17
primaryType() 寮€濮嬭В鏋愶紝褰撳墠token: string, 绫诲瀷: 17
primaryType() check(Identifier) 缁撴灉: false
primaryType() 灏濊瘯瑙ｆ瀽鍩烘湰绫诲瀷锛宼oken: string, 绫诲瀷: 17
primaryType() 鎴愬姛瑙ｆ瀽鍩烘湰绫诲瀷: string
澹版槑瑙ｆ瀽鎴愬姛锛屾坊鍔犲埌鏂囨。: token绫诲瀷 = 0, 鏄惁缁撴潫 = true
[       OK ] SyntaxCheckerTest.DuplicateFieldName (0 ms)
[ RUN      ] SyntaxCheckerTest.ValidMapType
Parser::parse()
declaration() 寮€濮嬭В鏋愶紝褰撳墠token: struct, 绫诲瀷: 7
structDeclaration() 寮€濮嬭В鏋愶紝褰撳墠token: S, 绫诲瀷: 1
parseType() 寮€濮嬭В鏋愶紝褰撳墠token: map, 绫诲瀷: 21
containerType() 寮€濮嬭В鏋愶紝褰撳墠token: map, 绫诲瀷: 21
primaryType() 寮€濮嬭В鏋愶紝褰撳墠token: string, 绫诲瀷: 17
primaryType() check(Identifier) 缁撴灉: false
primaryType() 灏濊瘯瑙ｆ瀽鍩烘湰绫诲瀷锛宼oken: string, 绫诲瀷: 17
primaryType() 鎴愬姛瑙ｆ瀽鍩烘湰绫诲瀷: string
澹版槑瑙ｆ瀽鎴愬姛锛屾坊鍔犲埌鏂囨。: token绫诲瀷 = 0, 鏄惁缁撴潫 = true
[       OK ] SyntaxCheckerTest.ValidMapType (0 ms)
[ RUN      ] SyntaxCheckerTest.NestedContainerType
Parser::parse()
declaration() 寮€濮嬭В鏋愶紝褰撳墠token: struct, 绫诲瀷: 7
structDeclaration() 寮€濮嬭В鏋愶紝褰撳墠token: S, 绫诲瀷: 1
parseType() 寮€濮嬭В鏋愶紝褰撳墠token: repeated, 绫诲瀷: 20
containerType() 寮€濮嬭В鏋愶紝褰撳墠token: repeated, 绫诲瀷: 20
primaryType() 寮€濮嬭В鏋愶紝褰撳墠token: optional, 绫诲瀷: 22
primaryType() check(Identifier) 缁撴灉: false
primaryType() 灏濊瘯瑙ｆ瀽鍩烘湰绫诲瀷锛宼oken: optional, 绫诲瀷: 22
primaryType() 鏃犳晥绫诲瀷锛屽噯澶囨姏鍑哄紓甯?

鎶涘嚭寮傚父: Expected type at line 3, column 22
unknown file: error: C++ exception with description "[3:22] Expected type" thrown in the test body.

[  FAILED  ] SyntaxCheckerTest.NestedContainerType (0 ms)
[ RUN      ] SyntaxCheckerTest.FieldAnnotationWithParams
Parser::parse()
declaration() 寮€濮嬭В鏋愶紝褰撳墠token: annotation, 绫诲瀷: 10
annotationDeclaration() 寮€濮嬭В鏋愶紝褰撳墠token: Range, 绫诲瀷: 1
parseType() 寮€濮嬭В鏋愶紝褰撳墠token: int32, 绫诲瀷: 13
containerType() 寮€濮嬭В鏋愶紝褰撳墠token: int32, 绫诲瀷: 13
primaryType() 寮€濮嬭В鏋愶紝褰撳墠token: int32, 绫诲瀷: 13
primaryType() check(Identifier) 缁撴灉: false
primaryType() 灏濊瘯瑙ｆ瀽鍩烘湰绫诲瀷锛宼oken: int32, 绫诲瀷: 13
primaryType() 鎴愬姛瑙ｆ瀽鍩烘湰绫诲瀷: int32
parseType() 寮€濮嬭В鏋愶紝褰撳墠token: int32, 绫诲瀷: 13
containerType() 寮€濮嬭В鏋愶紝褰撳墠token: int32, 绫诲瀷: 13
primaryType() 寮€濮嬭В鏋愶紝褰撳墠token: int32, 绫诲瀷: 13
primaryType() check(Identifier) 缁撴灉: false
primaryType() 灏濊瘯瑙ｆ瀽鍩烘湰绫诲瀷锛宼oken: int32, 绫诲瀷: 13
primaryType() 鎴愬姛瑙ｆ瀽鍩烘湰绫诲瀷: int32
澹版槑瑙ｆ瀽鎴愬姛锛屾坊鍔犲埌鏂囨。: token绫诲瀷 = 7, 鏄惁缁撴潫 = false
declaration() 寮€濮嬭В鏋愶紝褰撳墠token: struct, 绫诲瀷: 7
structDeclaration() 寮€濮嬭В鏋愶紝褰撳墠token: S, 绫诲瀷: 1
annotation() 寮€濮嬭В鏋愶紝褰撳墠token: Range, 绫诲瀷: 1
annotation() 瑙ｆ瀽鍒版敞瑙ｅ悕绉扮殑绗竴閮ㄥ垎: Range
annotationArguments() 寮€濮嬭В鏋愶紝褰撳墠token: min, 绫诲瀷: 1
annotationArgument() 寮€濮嬭В鏋愶紝褰撳墠token: min, 绫诲瀷: 1
expression() 寮€濮嬭В鏋愶紝褰撳墠token: 0, 绫诲瀷: 2
assignment() 寮€濮嬭В鏋愶紝褰撳墠token: 0, 绫诲瀷: 2
logicalOr() 寮€濮嬭В鏋愶紝褰撳墠token: 0, 绫诲瀷: 2
logicalAnd() 寮€濮嬭В鏋愶紝褰撳墠token: 0, 绫诲瀷: 2
equality() 寮€濮嬭В鏋愶紝褰撳墠token: 0, 绫诲瀷: 2
comparison() 妫€鏌ユ瘮杈冩搷浣滅锛屽綋鍓峵oken: 0, 绫诲瀷: 2
term() 寮€濮嬭В鏋愶紝褰撳墠token: 0, 绫诲瀷: 2
factor() 寮€濮嬭В鏋愶紝褰撳墠token: 0, 绫诲瀷: 2
unary() 寮€濮嬭В鏋愶紝褰撳墠token: 0, 绫诲瀷: 2
primary() 寮€濮嬭В鏋愶紝褰撳墠token: 0, 绫诲瀷: 2
annotationArgument() 瑙ｆ瀽鍒板弬鏁板悕绉? min
annotationArguments() 瑙ｆ瀽鍒颁竴涓弬鏁? min = [value]
annotationArgument() 寮€濮嬭В鏋愶紝褰撳墠token: max, 绫诲瀷: 1
expression() 寮€濮嬭В鏋愶紝褰撳墠token: 100, 绫诲瀷: 2
assignment() 寮€濮嬭В鏋愶紝褰撳墠token: 100, 绫诲瀷: 2
logicalOr() 寮€濮嬭В鏋愶紝褰撳墠token: 100, 绫诲瀷: 2
logicalAnd() 寮€濮嬭В鏋愶紝褰撳墠token: 100, 绫诲瀷: 2
equality() 寮€濮嬭В鏋愶紝褰撳墠token: 100, 绫诲瀷: 2
comparison() 妫€鏌ユ瘮杈冩搷浣滅锛屽綋鍓峵oken: 100, 绫诲瀷: 2
term() 寮€濮嬭В鏋愶紝褰撳墠token: 100, 绫诲瀷: 2
factor() 寮€濮嬭В鏋愶紝褰撳墠token: 100, 绫诲瀷: 2
unary() 寮€濮嬭В鏋愶紝褰撳墠token: 100, 绫诲瀷: 2
primary() 寮€濮嬭В鏋愶紝褰撳墠token: 100, 绫诲瀷: 2
annotationArgument() 瑙ｆ瀽鍒板弬鏁板悕绉? max
annotationArguments() 瑙ｆ瀽鍒颁竴涓弬鏁? max = [value]
annotationArguments() 鍏辫В鏋愬埌 2 涓弬鏁?
parseType() 寮€濮嬭В鏋愶紝褰撳墠token: int32, 绫诲瀷: 13
containerType() 寮€濮嬭В鏋愶紝褰撳墠token: int32, 绫诲瀷: 13
primaryType() 寮€濮嬭В鏋愶紝褰撳墠token: int32, 绫诲瀷: 13
primaryType() check(Identifier) 缁撴灉: false
primaryType() 灏濊瘯瑙ｆ瀽鍩烘湰绫诲瀷锛宼oken: int32, 绫诲瀷: 13
primaryType() 鎴愬姛瑙ｆ瀽鍩烘湰绫诲瀷: int32
澹版槑瑙ｆ瀽鎴愬姛锛屾坊鍔犲埌鏂囨。: token绫诲瀷 = 0, 鏄惁缁撴潫 = true
[       OK ] SyntaxCheckerTest.FieldAnnotationWithParams (0 ms)
[ RUN      ] SyntaxCheckerTest.StructInheritFromBlock
Parser::parse()
declaration() 寮€濮嬭В鏋愶紝褰撳墠token: block, 绫诲瀷: 9
blockDeclaration() 寮€濮嬭В鏋愶紝褰撳墠token: Base, 绫诲瀷: 1
parseType() 寮€濮嬭В鏋愶紝褰撳墠token: int32, 绫诲瀷: 13
containerType() 寮€濮嬭В鏋愶紝褰撳墠token: int32, 绫诲瀷: 13
primaryType() 寮€濮嬭В鏋愶紝褰撳墠token: int32, 绫诲瀷: 13
primaryType() check(Identifier) 缁撴灉: false
primaryType() 灏濊瘯瑙ｆ瀽鍩烘湰绫诲瀷锛宼oken: int32, 绫诲瀷: 13
primaryType() 鎴愬姛瑙ｆ瀽鍩烘湰绫诲瀷: int32
澹版槑瑙ｆ瀽鎴愬姛锛屾坊鍔犲埌鏂囨。: token绫诲瀷 = 7, 鏄惁缁撴潫 = false
declaration() 寮€濮嬭В鏋愶紝褰撳墠token: struct, 绫诲瀷: 7
structDeclaration() 寮€濮嬭В鏋愶紝褰撳墠token: Derived, 绫诲瀷: 1
parseType() 寮€濮嬭В鏋愶紝褰撳墠token: string, 绫诲瀷: 17
containerType() 寮€濮嬭В鏋愶紝褰撳墠token: string, 绫诲瀷: 17
primaryType() 寮€濮嬭В鏋愶紝褰撳墠token: string, 绫诲瀷: 17
primaryType() check(Identifier) 缁撴灉: false
primaryType() 灏濊瘯瑙ｆ瀽鍩烘湰绫诲瀷锛宼oken: string, 绫诲瀷: 17
primaryType() 鎴愬姛瑙ｆ瀽鍩烘湰绫诲瀷: string
澹版槑瑙ｆ瀽鎴愬姛锛屾坊鍔犲埌鏂囨。: token绫诲瀷 = 0, 鏄惁缁撴潫 = true
[       OK ] SyntaxCheckerTest.StructInheritFromBlock (0 ms)
[ RUN      ] SyntaxCheckerTest.BlockInheritFromBlock
Parser::parse()
declaration() 寮€濮嬭В鏋愶紝褰撳墠token: block, 绫诲瀷: 9
blockDeclaration() 寮€濮嬭В鏋愶紝褰撳墠token: Base, 绫诲瀷: 1
parseType() 寮€濮嬭В鏋愶紝褰撳墠token: int32, 绫诲瀷: 13
containerType() 寮€濮嬭В鏋愶紝褰撳墠token: int32, 绫诲瀷: 13
primaryType() 寮€濮嬭В鏋愶紝褰撳墠token: int32, 绫诲瀷: 13
primaryType() check(Identifier) 缁撴灉: false
primaryType() 灏濊瘯瑙ｆ瀽鍩烘湰绫诲瀷锛宼oken: int32, 绫诲瀷: 13
primaryType() 鎴愬姛瑙ｆ瀽鍩烘湰绫诲瀷: int32
澹版槑瑙ｆ瀽鎴愬姛锛屾坊鍔犲埌鏂囨。: token绫诲瀷 = 9, 鏄惁缁撴潫 = false
declaration() 寮€濮嬭В鏋愶紝褰撳墠token: block, 绫诲瀷: 9
blockDeclaration() 寮€濮嬭В鏋愶紝褰撳墠token: Derived, 绫诲瀷: 1
parseType() 寮€濮嬭В鏋愶紝褰撳墠token: string, 绫诲瀷: 17
containerType() 寮€濮嬭В鏋愶紝褰撳墠token: string, 绫诲瀷: 17
primaryType() 寮€濮嬭В鏋愶紝褰撳墠token: string, 绫诲瀷: 17
primaryType() check(Identifier) 缁撴灉: false
primaryType() 灏濊瘯瑙ｆ瀽鍩烘湰绫诲瀷锛宼oken: string, 绫诲瀷: 17
primaryType() 鎴愬姛瑙ｆ瀽鍩烘湰绫诲瀷: string
澹版槑瑙ｆ瀽鎴愬姛锛屾坊鍔犲埌鏂囨。: token绫诲瀷 = 0, 鏄惁缁撴潫 = true
[       OK ] SyntaxCheckerTest.BlockInheritFromBlock (1 ms)
[ RUN      ] SyntaxCheckerTest.AnnotationFieldTypeNotExist
Parser::parse()
declaration() 寮€濮嬭В鏋愶紝褰撳墠token: annotation, 绫诲瀷: 10
annotationDeclaration() 寮€濮嬭В鏋愶紝褰撳墠token: Range, 绫诲瀷: 1
parseType() 寮€濮嬭В鏋愶紝褰撳墠token: NotExistType, 绫诲瀷: 1
containerType() 寮€濮嬭В鏋愶紝褰撳墠token: NotExistType, 绫诲瀷: 1
primaryType() 寮€濮嬭В鏋愶紝褰撳墠token: NotExistType, 绫诲瀷: 1
primaryType() check(Identifier) 缁撴灉: true
primaryType() 鎴愬姛瑙ｆ瀽identifier绫诲瀷: NotExistType
parseType() 寮€濮嬭В鏋愶紝褰撳墠token: int32, 绫诲瀷: 13
containerType() 寮€濮嬭В鏋愶紝褰撳墠token: int32, 绫诲瀷: 13
primaryType() 寮€濮嬭В鏋愶紝褰撳墠token: int32, 绫诲瀷: 13
primaryType() check(Identifier) 缁撴灉: false
primaryType() 灏濊瘯瑙ｆ瀽鍩烘湰绫诲瀷锛宼oken: int32, 绫诲瀷: 13
primaryType() 鎴愬姛瑙ｆ瀽鍩烘湰绫诲瀷: int32
澹版槑瑙ｆ瀽鎴愬姛锛屾坊鍔犲埌鏂囨。: token绫诲瀷 = 0, 鏄惁缁撴潫 = true
[       OK ] SyntaxCheckerTest.AnnotationFieldTypeNotExist (0 ms)
[ RUN      ] SyntaxCheckerTest.AnnotationAsFieldType
Parser::parse()
declaration() 寮€濮嬭В鏋愶紝褰撳墠token: annotation, 绫诲瀷: 10
annotationDeclaration() 寮€濮嬭В鏋愶紝褰撳墠token: Range, 绫诲瀷: 1
parseType() 寮€濮嬭В鏋愶紝褰撳墠token: int32, 绫诲瀷: 13
containerType() 寮€濮嬭В鏋愶紝褰撳墠token: int32, 绫诲瀷: 13
primaryType() 寮€濮嬭В鏋愶紝褰撳墠token: int32, 绫诲瀷: 13
primaryType() check(Identifier) 缁撴灉: false
primaryType() 灏濊瘯瑙ｆ瀽鍩烘湰绫诲瀷锛宼oken: int32, 绫诲瀷: 13
primaryType() 鎴愬姛瑙ｆ瀽鍩烘湰绫诲瀷: int32
parseType() 寮€濮嬭В鏋愶紝褰撳墠token: int32, 绫诲瀷: 13
containerType() 寮€濮嬭В鏋愶紝褰撳墠token: int32, 绫诲瀷: 13
primaryType() 寮€濮嬭В鏋愶紝褰撳墠token: int32, 绫诲瀷: 13
primaryType() check(Identifier) 缁撴灉: false
primaryType() 灏濊瘯瑙ｆ瀽鍩烘湰绫诲瀷锛宼oken: int32, 绫诲瀷: 13
primaryType() 鎴愬姛瑙ｆ瀽鍩烘湰绫诲瀷: int32
澹版槑瑙ｆ瀽鎴愬姛锛屾坊鍔犲埌鏂囨。: token绫诲瀷 = 7, 鏄惁缁撴潫 = false
declaration() 寮€濮嬭В鏋愶紝褰撳墠token: struct, 绫诲瀷: 7
structDeclaration() 寮€濮嬭В鏋愶紝褰撳墠token: S, 绫诲瀷: 1
parseType() 寮€濮嬭В鏋愶紝褰撳墠token: Range, 绫诲瀷: 1
containerType() 寮€濮嬭В鏋愶紝褰撳墠token: Range, 绫诲瀷: 1
primaryType() 寮€濮嬭В鏋愶紝褰撳墠token: Range, 绫诲瀷: 1
primaryType() check(Identifier) 缁撴灉: true
primaryType() 鎴愬姛瑙ｆ瀽identifier绫诲瀷: Range

鎶涘嚭寮傚父: Expected type at line 4, column 27
unknown file: error: C++ exception with description "[4:27] Expected type" thrown in the test body.

[  FAILED  ] SyntaxCheckerTest.AnnotationAsFieldType (0 ms)
[ RUN      ] SyntaxCheckerTest.StructAsFieldType
Parser::parse()
declaration() 寮€濮嬭В鏋愶紝褰撳墠token: struct, 绫诲瀷: 7
structDeclaration() 寮€濮嬭В鏋愶紝褰撳墠token: Inner, 绫诲瀷: 1
parseType() 寮€濮嬭В鏋愶紝褰撳墠token: int32, 绫诲瀷: 13
containerType() 寮€濮嬭В鏋愶紝褰撳墠token: int32, 绫诲瀷: 13
primaryType() 寮€濮嬭В鏋愶紝褰撳墠token: int32, 绫诲瀷: 13
primaryType() check(Identifier) 缁撴灉: false
primaryType() 灏濊瘯瑙ｆ瀽鍩烘湰绫诲瀷锛宼oken: int32, 绫诲瀷: 13
primaryType() 鎴愬姛瑙ｆ瀽鍩烘湰绫诲瀷: int32
澹版槑瑙ｆ瀽鎴愬姛锛屾坊鍔犲埌鏂囨。: token绫诲瀷 = 7, 鏄惁缁撴潫 = false
declaration() 寮€濮嬭В鏋愶紝褰撳墠token: struct, 绫诲瀷: 7
structDeclaration() 寮€濮嬭В鏋愶紝褰撳墠token: Outer, 绫诲瀷: 1
parseType() 寮€濮嬭В鏋愶紝褰撳墠token: Inner, 绫诲瀷: 1
containerType() 寮€濮嬭В鏋愶紝褰撳墠token: Inner, 绫诲瀷: 1
primaryType() 寮€濮嬭В鏋愶紝褰撳墠token: Inner, 绫诲瀷: 1
primaryType() check(Identifier) 缁撴灉: true
primaryType() 鎴愬姛瑙ｆ瀽identifier绫诲瀷: Inner

鎶涘嚭寮傚父: Expected type at line 4, column 27
unknown file: error: C++ exception with description "[4:27] Expected type" thrown in the test body.

[  FAILED  ] SyntaxCheckerTest.StructAsFieldType (0 ms)
[ RUN      ] SyntaxCheckerTest.BlockStructAsAnnotationFieldType
Parser::parse()
declaration() 寮€濮嬭В鏋愶紝褰撳墠token: block, 绫诲瀷: 9
blockDeclaration() 寮€濮嬭В鏋愶紝褰撳墠token: B, 绫诲瀷: 1
parseType() 寮€濮嬭В鏋愶紝褰撳墠token: int32, 绫诲瀷: 13
containerType() 寮€濮嬭В鏋愶紝褰撳墠token: int32, 绫诲瀷: 13
primaryType() 寮€濮嬭В鏋愶紝褰撳墠token: int32, 绫诲瀷: 13
primaryType() check(Identifier) 缁撴灉: false
primaryType() 灏濊瘯瑙ｆ瀽鍩烘湰绫诲瀷锛宼oken: int32, 绫诲瀷: 13
primaryType() 鎴愬姛瑙ｆ瀽鍩烘湰绫诲瀷: int32
澹版槑瑙ｆ瀽鎴愬姛锛屾坊鍔犲埌鏂囨。: token绫诲瀷 = 10, 鏄惁缁撴潫 = false
declaration() 寮€濮嬭В鏋愶紝褰撳墠token: annotation, 绫诲瀷: 10
annotationDeclaration() 寮€濮嬭В鏋愶紝褰撳墠token: Ann, 绫诲瀷: 1
parseType() 寮€濮嬭В鏋愶紝褰撳墠token: B, 绫诲瀷: 1
containerType() 寮€濮嬭В鏋愶紝褰撳墠token: B, 绫诲瀷: 1
primaryType() 寮€濮嬭В鏋愶紝褰撳墠token: B, 绫诲瀷: 1
primaryType() check(Identifier) 缁撴灉: true
primaryType() 鎴愬姛瑙ｆ瀽identifier绫诲瀷: B

鎶涘嚭寮傚父: Expected type at line 4, column 28
unknown file: error: C++ exception with description "[4:28] Expected type" thrown in the test body.

[  FAILED  ] SyntaxCheckerTest.BlockStructAsAnnotationFieldType (0 ms)
[ RUN      ] SyntaxCheckerTest.ValidAnnotationFieldTypes
Parser::parse()
declaration() 寮€濮嬭В鏋愶紝褰撳墠token: annotation, 绫诲瀷: 10
annotationDeclaration() 寮€濮嬭В鏋愶紝褰撳墠token: Range, 绫诲瀷: 1
parseType() 寮€濮嬭В鏋愶紝褰撳墠token: int32, 绫诲瀷: 13
containerType() 寮€濮嬭В鏋愶紝褰撳墠token: int32, 绫诲瀷: 13
primaryType() 寮€濮嬭В鏋愶紝褰撳墠token: int32, 绫诲瀷: 13
primaryType() check(Identifier) 缁撴灉: false
primaryType() 灏濊瘯瑙ｆ瀽鍩烘湰绫诲瀷锛宼oken: int32, 绫诲瀷: 13
primaryType() 鎴愬姛瑙ｆ瀽鍩烘湰绫诲瀷: int32
parseType() 寮€濮嬭В鏋愶紝褰撳墠token: int32, 绫诲瀷: 13
containerType() 寮€濮嬭В鏋愶紝褰撳墠token: int32, 绫诲瀷: 13
primaryType() 寮€濮嬭В鏋愶紝褰撳墠token: int32, 绫诲瀷: 13
primaryType() check(Identifier) 缁撴灉: false
primaryType() 灏濊瘯瑙ｆ瀽鍩烘湰绫诲瀷锛宼oken: int32, 绫诲瀷: 13
primaryType() 鎴愬姛瑙ｆ瀽鍩烘湰绫诲瀷: int32
parseType() 寮€濮嬭В鏋愶紝褰撳墠token: string, 绫诲瀷: 17
containerType() 寮€濮嬭В鏋愶紝褰撳墠token: string, 绫诲瀷: 17
primaryType() 寮€濮嬭В鏋愶紝褰撳墠token: string, 绫诲瀷: 17
primaryType() check(Identifier) 缁撴灉: false
primaryType() 灏濊瘯瑙ｆ瀽鍩烘湰绫诲瀷锛宼oken: string, 绫诲瀷: 17
primaryType() 鎴愬姛瑙ｆ瀽鍩烘湰绫诲瀷: string
parseType() 寮€濮嬭В鏋愶紝褰撳墠token: bool, 绫诲瀷: 19
containerType() 寮€濮嬭В鏋愶紝褰撳墠token: bool, 绫诲瀷: 19
primaryType() 寮€濮嬭В鏋愶紝褰撳墠token: bool, 绫诲瀷: 19
primaryType() check(Identifier) 缁撴灉: false
primaryType() 灏濊瘯瑙ｆ瀽鍩烘湰绫诲瀷锛宼oken: bool, 绫诲瀷: 19
primaryType() 鎴愬姛瑙ｆ瀽鍩烘湰绫诲瀷: bool
澹版槑瑙ｆ瀽鎴愬姛锛屾坊鍔犲埌鏂囨。: token绫诲瀷 = 7, 鏄惁缁撴潫 = false
declaration() 寮€濮嬭В鏋愶紝褰撳墠token: struct, 绫诲瀷: 7
structDeclaration() 寮€濮嬭В鏋愶紝褰撳墠token: S, 绫诲瀷: 1
annotation() 寮€濮嬭В鏋愶紝褰撳墠token: Range, 绫诲瀷: 1
annotation() 瑙ｆ瀽鍒版敞瑙ｅ悕绉扮殑绗竴閮ㄥ垎: Range
annotationArguments() 寮€濮嬭В鏋愶紝褰撳墠token: min, 绫诲瀷: 1
annotationArgument() 寮€濮嬭В鏋愶紝褰撳墠token: min, 绫诲瀷: 1
expression() 寮€濮嬭В鏋愶紝褰撳墠token: 0, 绫诲瀷: 2
assignment() 寮€濮嬭В鏋愶紝褰撳墠token: 0, 绫诲瀷: 2
logicalOr() 寮€濮嬭В鏋愶紝褰撳墠token: 0, 绫诲瀷: 2
logicalAnd() 寮€濮嬭В鏋愶紝褰撳墠token: 0, 绫诲瀷: 2
equality() 寮€濮嬭В鏋愶紝褰撳墠token: 0, 绫诲瀷: 2
comparison() 妫€鏌ユ瘮杈冩搷浣滅锛屽綋鍓峵oken: 0, 绫诲瀷: 2
term() 寮€濮嬭В鏋愶紝褰撳墠token: 0, 绫诲瀷: 2
factor() 寮€濮嬭В鏋愶紝褰撳墠token: 0, 绫诲瀷: 2
unary() 寮€濮嬭В鏋愶紝褰撳墠token: 0, 绫诲瀷: 2
primary() 寮€濮嬭В鏋愶紝褰撳墠token: 0, 绫诲瀷: 2
annotationArgument() 瑙ｆ瀽鍒板弬鏁板悕绉? min
annotationArguments() 瑙ｆ瀽鍒颁竴涓弬鏁? min = [value]
annotationArgument() 寮€濮嬭В鏋愶紝褰撳墠token: max, 绫诲瀷: 1
expression() 寮€濮嬭В鏋愶紝褰撳墠token: 100, 绫诲瀷: 2
assignment() 寮€濮嬭В鏋愶紝褰撳墠token: 100, 绫诲瀷: 2
logicalOr() 寮€濮嬭В鏋愶紝褰撳墠token: 100, 绫诲瀷: 2
logicalAnd() 寮€濮嬭В鏋愶紝褰撳墠token: 100, 绫诲瀷: 2
equality() 寮€濮嬭В鏋愶紝褰撳墠token: 100, 绫诲瀷: 2
comparison() 妫€鏌ユ瘮杈冩搷浣滅锛屽綋鍓峵oken: 100, 绫诲瀷: 2
term() 寮€濮嬭В鏋愶紝褰撳墠token: 100, 绫诲瀷: 2
factor() 寮€濮嬭В鏋愶紝褰撳墠token: 100, 绫诲瀷: 2
unary() 寮€濮嬭В鏋愶紝褰撳墠token: 100, 绫诲瀷: 2
primary() 寮€濮嬭В鏋愶紝褰撳墠token: 100, 绫诲瀷: 2
annotationArgument() 瑙ｆ瀽鍒板弬鏁板悕绉? max
annotationArguments() 瑙ｆ瀽鍒颁竴涓弬鏁? max = [value]
annotationArgument() 寮€濮嬭В鏋愶紝褰撳墠token: description, 绫诲瀷: 1
expression() 寮€濮嬭В鏋愶紝褰撳墠token: score, 绫诲瀷: 4
assignment() 寮€濮嬭В鏋愶紝褰撳墠token: score, 绫诲瀷: 4
logicalOr() 寮€濮嬭В鏋愶紝褰撳墠token: score, 绫诲瀷: 4
logicalAnd() 寮€濮嬭В鏋愶紝褰撳墠token: score, 绫诲瀷: 4
equality() 寮€濮嬭В鏋愶紝褰撳墠token: score, 绫诲瀷: 4
comparison() 妫€鏌ユ瘮杈冩搷浣滅锛屽綋鍓峵oken: score, 绫诲瀷: 4
term() 寮€濮嬭В鏋愶紝褰撳墠token: score, 绫诲瀷: 4
factor() 寮€濮嬭В鏋愶紝褰撳墠token: score, 绫诲瀷: 4
unary() 寮€濮嬭В鏋愶紝褰撳墠token: score, 绫诲瀷: 4
primary() 寮€濮嬭В鏋愶紝褰撳墠token: score, 绫诲瀷: 4
annotationArgument() 瑙ｆ瀽鍒板弬鏁板悕绉? description
annotationArguments() 瑙ｆ瀽鍒颁竴涓弬鏁? description = [value]
annotationArgument() 寮€濮嬭В鏋愶紝褰撳墠token: required, 绫诲瀷: 1
expression() 寮€濮嬭В鏋愶紝褰撳墠token: true, 绫诲瀷: 1
assignment() 寮€濮嬭В鏋愶紝褰撳墠token: true, 绫诲瀷: 1
logicalOr() 寮€濮嬭В鏋愶紝褰撳墠token: true, 绫诲瀷: 1
logicalAnd() 寮€濮嬭В鏋愶紝褰撳墠token: true, 绫诲瀷: 1
equality() 寮€濮嬭В鏋愶紝褰撳墠token: true, 绫诲瀷: 1
comparison() 妫€鏌ユ瘮杈冩搷浣滅锛屽綋鍓峵oken: true, 绫诲瀷: 1
term() 寮€濮嬭В鏋愶紝褰撳墠token: true, 绫诲瀷: 1
factor() 寮€濮嬭В鏋愶紝褰撳墠token: true, 绫诲瀷: 1
unary() 寮€濮嬭В鏋愶紝褰撳墠token: true, 绫诲瀷: 1
primary() 寮€濮嬭В鏋愶紝褰撳墠token: true, 绫诲瀷: 1
annotationArgument() 瑙ｆ瀽鍒板弬鏁板悕绉? required
annotationArguments() 瑙ｆ瀽鍒颁竴涓弬鏁? required = [value]
annotationArguments() 鍏辫В鏋愬埌 4 涓弬鏁?
parseType() 寮€濮嬭В鏋愶紝褰撳墠token: int32, 绫诲瀷: 13
containerType() 寮€濮嬭В鏋愶紝褰撳墠token: int32, 绫诲瀷: 13
primaryType() 寮€濮嬭В鏋愶紝褰撳墠token: int32, 绫诲瀷: 13
primaryType() check(Identifier) 缁撴灉: false
primaryType() 灏濊瘯瑙ｆ瀽鍩烘湰绫诲瀷锛宼oken: int32, 绫诲瀷: 13
primaryType() 鎴愬姛瑙ｆ瀽鍩烘湰绫诲瀷: int32
澹版槑瑙ｆ瀽鎴愬姛锛屾坊鍔犲埌鏂囨。: token绫诲瀷 = 0, 鏄惁缁撴潫 = true
[       OK ] SyntaxCheckerTest.ValidAnnotationFieldTypes (1 ms)
[ RUN      ] SyntaxCheckerTest.ValidBlockFieldTypes
Parser::parse()
declaration() 寮€濮嬭В鏋愶紝褰撳墠token: enum, 绫诲瀷: 8
enumDeclaration() 寮€濮嬭В鏋愶紝褰撳墠token: Status, 绫诲瀷: 1
enumValueDeclaration() 寮€濮嬭В鏋愶紝褰撳墠token: Active, 绫诲瀷: 1
expression() 寮€濮嬭В鏋愶紝褰撳墠token: 0, 绫诲瀷: 2
assignment() 寮€濮嬭В鏋愶紝褰撳墠token: 0, 绫诲瀷: 2
logicalOr() 寮€濮嬭В鏋愶紝褰撳墠token: 0, 绫诲瀷: 2
logicalAnd() 寮€濮嬭В鏋愶紝褰撳墠token: 0, 绫诲瀷: 2
equality() 寮€濮嬭В鏋愶紝褰撳墠token: 0, 绫诲瀷: 2
comparison() 妫€鏌ユ瘮杈冩搷浣滅锛屽綋鍓峵oken: 0, 绫诲瀷: 2
term() 寮€濮嬭В鏋愶紝褰撳墠token: 0, 绫诲瀷: 2
factor() 寮€濮嬭В鏋愶紝褰撳墠token: 0, 绫诲瀷: 2
unary() 寮€濮嬭В鏋愶紝褰撳墠token: 0, 绫诲瀷: 2
primary() 寮€濮嬭В鏋愶紝褰撳墠token: 0, 绫诲瀷: 2
enumValueDeclaration() 寮€濮嬭В鏋愶紝褰撳墠token: Inactive, 绫诲瀷: 1
expression() 寮€濮嬭В鏋愶紝褰撳墠token: 1, 绫诲瀷: 2
assignment() 寮€濮嬭В鏋愶紝褰撳墠token: 1, 绫诲瀷: 2
logicalOr() 寮€濮嬭В鏋愶紝褰撳墠token: 1, 绫诲瀷: 2
logicalAnd() 寮€濮嬭В鏋愶紝褰撳墠token: 1, 绫诲瀷: 2
equality() 寮€濮嬭В鏋愶紝褰撳墠token: 1, 绫诲瀷: 2
comparison() 妫€鏌ユ瘮杈冩搷浣滅锛屽綋鍓峵oken: 1, 绫诲瀷: 2
term() 寮€濮嬭В鏋愶紝褰撳墠token: 1, 绫诲瀷: 2
factor() 寮€濮嬭В鏋愶紝褰撳墠token: 1, 绫诲瀷: 2
unary() 寮€濮嬭В鏋愶紝褰撳墠token: 1, 绫诲瀷: 2
primary() 寮€濮嬭В鏋愶紝褰撳墠token: 1, 绫诲瀷: 2
澹版槑瑙ｆ瀽鎴愬姛锛屾坊鍔犲埌鏂囨。: token绫诲瀷 = 9, 鏄惁缁撴潫 = false
declaration() 寮€濮嬭В鏋愶紝褰撳墠token: block, 绫诲瀷: 9
blockDeclaration() 寮€濮嬭В鏋愶紝褰撳墠token: Base, 绫诲瀷: 1
parseType() 寮€濮嬭В鏋愶紝褰撳墠token: int32, 绫诲瀷: 13
containerType() 寮€濮嬭В鏋愶紝褰撳墠token: int32, 绫诲瀷: 13
primaryType() 寮€濮嬭В鏋愶紝褰撳墠token: int32, 绫诲瀷: 13
primaryType() check(Identifier) 缁撴灉: false
primaryType() 灏濊瘯瑙ｆ瀽鍩烘湰绫诲瀷锛宼oken: int32, 绫诲瀷: 13
primaryType() 鎴愬姛瑙ｆ瀽鍩烘湰绫诲瀷: int32
澹版槑瑙ｆ瀽鎴愬姛锛屾坊鍔犲埌鏂囨。: token绫诲瀷 = 7, 鏄惁缁撴潫 = false
declaration() 寮€濮嬭В鏋愶紝褰撳墠token: struct, 绫诲瀷: 7
structDeclaration() 寮€濮嬭В鏋愶紝褰撳墠token: S, 绫诲瀷: 1
parseType() 寮€濮嬭В鏋愶紝褰撳墠token: Status, 绫诲瀷: 1
containerType() 寮€濮嬭В鏋愶紝褰撳墠token: Status, 绫诲瀷: 1
primaryType() 寮€濮嬭В鏋愶紝褰撳墠token: Status, 绫诲瀷: 1
primaryType() check(Identifier) 缁撴灉: true
primaryType() 鎴愬姛瑙ｆ瀽identifier绫诲瀷: Status

鎶涘嚭寮傚父: Expected type at line 5, column 31
unknown file: error: C++ exception with description "[5:31] Expected type" thrown in the test body.

[  FAILED  ] SyntaxCheckerTest.ValidBlockFieldTypes (1 ms)
[ RUN      ] SyntaxCheckerTest.DuplicateAnnotationFieldName
Parser::parse()
declaration() 寮€濮嬭В鏋愶紝褰撳墠token: annotation, 绫诲瀷: 10
annotationDeclaration() 寮€濮嬭В鏋愶紝褰撳墠token: Range, 绫诲瀷: 1
parseType() 寮€濮嬭В鏋愶紝褰撳墠token: int32, 绫诲瀷: 13
containerType() 寮€濮嬭В鏋愶紝褰撳墠token: int32, 绫诲瀷: 13
primaryType() 寮€濮嬭В鏋愶紝褰撳墠token: int32, 绫诲瀷: 13
primaryType() check(Identifier) 缁撴灉: false
primaryType() 灏濊瘯瑙ｆ瀽鍩烘湰绫诲瀷锛宼oken: int32, 绫诲瀷: 13
primaryType() 鎴愬姛瑙ｆ瀽鍩烘湰绫诲瀷: int32
parseType() 寮€濮嬭В鏋愶紝褰撳墠token: int32, 绫诲瀷: 13
containerType() 寮€濮嬭В鏋愶紝褰撳墠token: int32, 绫诲瀷: 13
primaryType() 寮€濮嬭В鏋愶紝褰撳墠token: int32, 绫诲瀷: 13
primaryType() check(Identifier) 缁撴灉: false
primaryType() 灏濊瘯瑙ｆ瀽鍩烘湰绫诲瀷锛宼oken: int32, 绫诲瀷: 13
primaryType() 鎴愬姛瑙ｆ瀽鍩烘湰绫诲瀷: int32
parseType() 寮€濮嬭В鏋愶紝褰撳墠token: int32, 绫诲瀷: 13
containerType() 寮€濮嬭В鏋愶紝褰撳墠token: int32, 绫诲瀷: 13
primaryType() 寮€濮嬭В鏋愶紝褰撳墠token: int32, 绫诲瀷: 13
primaryType() check(Identifier) 缁撴灉: false
primaryType() 灏濊瘯瑙ｆ瀽鍩烘湰绫诲瀷锛宼oken: int32, 绫诲瀷: 13
primaryType() 鎴愬姛瑙ｆ瀽鍩烘湰绫诲瀷: int32

鎶涘嚭寮傚父: Expected type at line 5, column 25
unknown file: error: C++ exception with description "[5:25] Expected type" thrown in the test body.

[  FAILED  ] SyntaxCheckerTest.DuplicateAnnotationFieldName (0 ms)
[----------] 22 tests from SyntaxCheckerTest (6 ms total)

[----------] Global test environment tear-down
[==========] 22 tests from 1 test suite ran. (6 ms total)
[  PASSED  ] 16 tests.
[  FAILED  ] 6 tests, listed below:
[  FAILED  ] SyntaxCheckerTest.NestedContainerType
[  FAILED  ] SyntaxCheckerTest.AnnotationAsFieldType
[  FAILED  ] SyntaxCheckerTest.StructAsFieldType
[  FAILED  ] SyntaxCheckerTest.BlockStructAsAnnotationFieldType
[  FAILED  ] SyntaxCheckerTest.ValidBlockFieldTypes
[  FAILED  ] SyntaxCheckerTest.DuplicateAnnotationFieldName

 6 FAILED TESTS
[0m[1;38;2;255;0;0;1merror: [0mexecv(D:\project\eachcan\mota\build\windows\x64\debug\test_syntax_checker.exe ) failed(1)[0m
